2026-02-04 16:28:42,536 - debug_runner - INFO - ================================================================================
2026-02-04 16:28:42,537 - debug_runner - INFO - INICIANDO DEBUGGING EXTENDIDO DEL PIPELINE
2026-02-04 16:28:42,538 - debug_runner - INFO - ================================================================================
2026-02-04 16:28:42,538 - debug_runner - INFO - Cargando datos usando DataLoader...
2026-02-04 16:28:42,539 - src.data_loader - INFO - Cargando Tipos de Instrumento desde: C:\Users\Santiago\Documents\proyecto_conciliacion_fintech\data\instrument-types-2025-08-28.csv
2026-02-04 16:28:42,557 - src.data_loader - INFO - Tipos de instrumento cargados: 18 tipos
2026-02-04 16:28:42,557 - src.data_loader - INFO - Cargando Posiciones Valorizadas desde: C:\Users\Santiago\Documents\proyecto_conciliacion_fintech\data\posiciones_2025-11-30_sistema.csv
2026-02-04 16:28:42,940 - src.data_loader - INFO - Posiciones cargadas: 40539 registros
2026-02-04 16:28:42,941 - src.data_loader - INFO - Cargando Instrumentos Internos desde: C:\Users\Santiago\Documents\proyecto_conciliacion_fintech\data\instruments.csv
2026-02-04 16:28:43,269 - src.data_loader - INFO - Instrumentos internos cargados: 24183 registros
2026-02-04 16:28:43,269 - src.data_loader - INFO - Cargando Allocations Externos desde: C:\Users\Santiago\Documents\proyecto_conciliacion_fintech\data\raw_output_FIRSTRATE_instruments (2).csv
2026-02-04 16:28:44,295 - src.data_loader - INFO - Allocations externos cargados: 32825 registros de currency allocation
2026-02-04 16:28:44,303 - src.data_loader - INFO - Cargando Allocations Internos desde: C:\Users\Santiago\Documents\proyecto_conciliacion_fintech\data\allocations_currency.csv
2026-02-04 16:28:45,358 - src.data_loader - INFO - Allocations internos cargados: 24155 registros de currency allocation
2026-02-04 16:28:45,362 - src.data_loader - INFO - Tipos de instrumento a filtrar: ['C02', 'C14', 'C04', 'C03', 'C09', 'C10']
2026-02-04 16:28:45,363 - src.data_loader - INFO - Todos los archivos cargados exitosamente
2026-02-04 16:28:45,363 - debug_runner - INFO - [DATOS ENTRADA: posiciones] Shape: (40539, 27) (Filas: 40539, Cols: 27)
2026-02-04 16:28:45,716 - debug_runner - INFO - [DATOS ENTRADA: posiciones] Info: <class 'pandas.core.frame.DataFrame'> | memory usage: 53.5 MB
2026-02-04 16:28:45,728 - debug_runner - INFO - [DATOS ENTRADA: posiciones] Primeras 5 filas:
   ID       Fecha      Cliente                  Grupo Activo                       Entidad Id_sec   Id_fi              Instrumento Subclase de activo      Tipo Inst    Cantidad            Precio Moneda  Monto (CLP)        Id_ti_valor      Id_ti        Id_tax F. Proceso Ejecutivo       Nemo             Ticker Isin Secuencia Emisor      Monto MO T/C MO a (CLP)
0   1  2025-11-30      Vicctus              El Coigüe     Sí        El Coigüe - Financiero      0     BCI  FM BCI Competitivo - AP         Caja Local  Fondos Mutuos      0,0000  17954,2934000000    CLP            0  BCICOMA CI Equity  Ticker_BB      79520080 2024-12-31       NaN  BCICOMACI  BCICOMA CI Equity  NaN  Custodia    BCI          0,00       1,000000
1   1  2025-11-30      Vicctus  Inversiones Bartolome     Sí                  Caja Empresa      0     BCI  FM BCI Competitivo - AP         Caja Local  Fondos Mutuos  12333,8737  17954,2934000000    CLP    221445987  BCICOMA CI Equity  Ticker_BB   CAJAEMPRESA 2025-04-10       NaN  BCICOMACI  BCICOMA CI Equity  NaN       0-B    BCI  221445987,17       1,000000
2   1  2025-11-30       Moneda      Rodrigo Vial Fell     Sí  Inv. y Ases. Vial Wood Ltda.      0  NEVASA  FM BCI Competitivo - AP         Caja Local  Fondos Mutuos   6872,6341  17954,2934000000    CLP    123393289  BCICOMA CI Equity  Ticker_BB  INVASVIWOLTD 2025-10-31       NaN  BCICOMACI  BCICOMA CI Equity  NaN         0    BCI  123393289,06       1,000000
3   1  2025-11-30  Mar Adentro            Mar Adentro     Sí                          MHEI      0     BCI  FM BCI Competitivo - AP         Caja Local  Fondos Mutuos  50070,1037  17954,2934000000    CLP    898973332  BCICOMA CI Equity  Ticker_BB          MHEI 2025-11-25       NaN  BCICOMACI  BCICOMA CI Equity  NaN         0    BCI  898973332,40       1,000000
4   1  2025-11-30  Mar Adentro            Mar Adentro     Sí                          PHEI      0     BCI  FM BCI Competitivo - AP         Caja Local  Fondos Mutuos  50062,5844  17954,2934000000    CLP    898838329  BCICOMA CI Equity  Ticker_BB          PHEI 2025-11-25       NaN  BCICOMACI  BCICOMA CI Equity  NaN         0    BCI  898838328,68       1,000000
2026-02-04 16:28:45,737 - debug_runner - INFO - [DATOS ENTRADA: posiciones] Valores únicos en claves: {'ID': 9287, 'Instrumento': 9234}
2026-02-04 16:28:45,737 - debug_runner - INFO - [DATOS ENTRADA: instrumentos] Shape: (24183, 86) (Filas: 24183, Cols: 86)
2026-02-04 16:28:46,359 - debug_runner - INFO - [DATOS ENTRADA: instrumentos] Info: <class 'pandas.core.frame.DataFrame'> | memory usage: 76.7 MB
2026-02-04 16:28:46,383 - debug_runner - INFO - [DATOS ENTRADA: instrumentos] Primeras 5 filas:
   ID                                      Nombre                       Nombre corto    Emisor Tasa emision Tera  Valor rescate Fecha vcto   Serie Pais Tipo instrumento Moneda  E  Metodo valoriz  Base  Periodicidad Fecha emision         BBGID                                BCI_id       BC_id BICE_id BTG_id CC_id CITI_id Currency Cusip  FWD GS_id          Isin LV_id MBI_id MS_id Moneda_id        Nemo Nemo_DCV PRINCIPAL_id         RIC SEC_id SURA_id Sedol          Ticker_BB UBS_id base-subclase-activo SubMoneda   base-region alloc-subclase-activo alloc-subclase-activo-2 alloc-subclase-patrimonio alternativos alternativos-ldg asset-grade base-subclase-patrimonial    caja-patromonial clase-activo clase-activo-2 clase-patrimonial clasificacion-activos-moneda continentes      economia        mercado mercado-patrimonio monedas-pc        region    region-2 region-categoria  region-nuevo     region-pc  region-rvi rent-subclase-activo rent-subclase-activo-2 riesgo              riesgo-rf-pc          RRFI sector-categoria sectores sectores-2  sri subclase-patrimonial tipo-activo-pasivo tipo-bono tipo-patrimonio tipo-patrimonio-2 Fuente Precio Url Precio Fuente Alloc Url Alloc
0   1                     FM BCI Competitivo - AP            FM BCI Competitivo - AP       BCI          NaN  NaN            NaN        NaN      AP   CL              C03    CLP  4               1   NaN           NaN           NaN  BBG002D4DTF8  FONDO MUTUO BCI COMPETITIVO SERIE AP         NaN     NaN    NaN   NaN     NaN      NaN   NaN  NaN   NaN           NaN   NaN    NaN   NaN       NaN   BCICOMACI      NaN          NaN         NaN    NaN     NaN   NaN  BCICOMA CI Equity    NaN          money-local       CLP         Chile            caja-local                     rfl                   liquido          NaN              NaN         NaN                caja-local  cuentas-corrientes         caja             rf              caja                          NaN         NaN     Emergente          local      liquido-local        clp    Latam Eme.  emergentes              NaN         Chile         Chile         NaN           caja-local                    RFL    NaN                       NaN           NaN              NaN      NaN        NaN  NaN           caja-local            activos       NaN         liquido       financieros        CMF-FM     8107.0          NaN       NaN
1   2                FM BCI Competitivo - Clásica       FM BCI Competitivo - Clásica       BCI          NaN  NaN            NaN        NaN  CLASIC   CL              C03    CLP  4               1   NaN           NaN           NaN  BBG000BVFR84                                   NaN         NaN     NaN    NaN   NaN     NaN      NaN   NaN  NaN   NaN           NaN   NaN    NaN   NaN       NaN  CFMBCICPCL      NaN          NaN  LP68544359    NaN     NaN   NaN                NaN    NaN          money-local       CLP         Chile            caja-local                     rfl                   liquido          NaN              NaN         NaN               money-local                ffmm         caja             rf              caja                          NaN         NaN     Emergente          local      liquido-local        clp    Latam Eme.  emergentes              NaN         Chile         Chile         NaN           caja-local                    RFL    NaN  Money Market y Similares           NaN              NaN      NaN        NaN  NaN           caja-local            activos       NaN         liquido       financieros         Eikon     8107.0          NaN       NaN
2   3        Fondo Mutuo BCI Dolar Cash - Clasica                         DOLAR CASH       BCI          NaN  NaN            NaN        NaN   CLASI   CL              C03    USD  4               1   NaN           NaN           NaN  BBG000PWDSG8                                   NaN         NaN     NaN    NaN   NaN     NaN      NaN   NaN  NaN   NaN  CL0001840314   NaN    NaN   NaN       NaN   BCIDCAACI      NaN          NaN         NaN    NaN     NaN   NaN  BCIDCAA CI Equity    NaN          money-inter       USD  Norteamerica            caja-inter                     rfi                   liquido          NaN              NaN         NaN                       NaN                 NaN         caja             rf               NaN                          NaN         NaN  Desarrollado  internacional      liquido-inter        usd  Norteamerica         usa              NaN  Norteamerica  Norteamérica         NaN           caja-inter                    RFI    NaN                       NaN           NaN              NaN      NaN        NaN  NaN                  NaN            activos       NaN             NaN               NaN        CMF-FM     8257.0          NaN       NaN
3   4           FM Banchile Corporate Dollar - A   FM Banchile Corporate Dollar - A   Banchile          NaN  NaN            NaN        NaN       A   CL              C03    USD  4               1   NaN           NaN           NaN  BBG000M03V93                                   NaN  CORPUSFUND     NaN    NaN   NaN     NaN      NaN   NaN  NaN   NaN           NaN   NaN    NaN   NaN       NaN  CORPUSFUND      NaN          NaN         NaN    NaN     NaN   NaN  BCORPOR CI Equity    NaN          money-inter       USD  Norteamerica            caja-inter                     rfi                   liquido          NaN              NaN         NaN               money-inter                ffmm         caja             rf              caja                   Caja Inter         NaN  Desarrollado  internacional      liquido-inter        usd  Norteamerica         usa     Norteamerica  Norteamerica  Norteamérica         NaN           caja-inter                    RFI    NaN  Money Market y Similares  MONEY MARKET              NaN      NaN        NaN  NaN           caja-inter            activos       NaN         liquido       financieros        CMF-FM     8248.0          NaN       NaN
4   5  Fondo Mutuo Banchile Capitalisa Accionario              CAPITALISA ACCIONARIO  Banchile          NaN  NaN            NaN        NaN       A   CL              C03    CLP  4               1   NaN           NaN           NaN  BBG000BS8RP0                                   NaN         NaN     NaN    NaN   NaN     NaN      NaN   NaN  NaN   NaN           NaN   NaN    NaN   NaN       NaN   BCHCAPTCI      NaN          NaN         NaN    NaN     NaN   NaN  BCHCAPT CI Equity    NaN                  rvl       CLP         Chile                   rvl                     rvl                   liquido          NaN              NaN         NaN                       NaN                 NaN           rv             rv               NaN                          NaN         NaN     Emergente          local      liquido-local        clp    Latam Eme.  emergentes              NaN         Chile         Chile         NaN                  rvl                    RVL    NaN                       NaN           NaN              NaN      NaN        NaN  NaN                  NaN            activos       NaN             NaN               NaN       Cartola        NaN          NaN       NaN
2026-02-04 16:28:46,385 - debug_runner - INFO - [DATOS ENTRADA: instrumentos] Valores únicos en claves: {'ID': 24183}
2026-02-04 16:28:46,386 - debug_runner - INFO - [DATOS ENTRADA: tipo_instrumento] Shape: (18, 5) (Filas: 18, Cols: 5)
2026-02-04 16:28:46,390 - debug_runner - INFO - [DATOS ENTRADA: tipo_instrumento] Info: <class 'pandas.core.frame.DataFrame'> | memory usage: 4.8 KB
2026-02-04 16:28:46,394 - debug_runner - INFO - [DATOS ENTRADA: tipo_instrumento] Primeras 5 filas:
   Id          Nombre                     Creado                 Modificado Código
0  18     No asignado  2023-04-21 17:36:26 -0400  2023-04-21 17:36:26 -0400    C99
1  17           Otros  2022-06-16 16:30:37 -0400  2022-06-16 16:30:37 -0400    C17
2  16         Credito  2022-06-16 16:30:29 -0400  2022-06-16 16:30:29 -0400    C16
3  15         Indices  2019-11-14 13:34:36 -0300  2019-11-14 13:34:36 -0300    C15
4  14  Acciones Pref.  2019-10-15 14:38:12 -0300  2019-10-15 14:38:24 -0300    C14
2026-02-04 16:28:46,394 - debug_runner - INFO - [DATOS ENTRADA: allocations_externo] Shape: (32825, 7) (Filas: 32825, Cols: 7)
2026-02-04 16:28:46,450 - debug_runner - INFO - [DATOS ENTRADA: allocations_externo] Info: <class 'pandas.core.frame.DataFrame'> | memory usage: 10.0 MB
2026-02-04 16:28:46,453 - debug_runner - INFO - [DATOS ENTRADA: allocations_externo] Primeras 5 filas:
       Unnamed: 0  instrument       date         class percentage          Columna Fuente   classif
94218           0         NAN 2025-10-31     US DOLLAR     157,47  FundCurrencyAllocation  currency
94219           1  LP68544359 2025-09-30  CHILEAN PESO      87,59  FundCurrencyAllocation  currency
94220           2         NAN 2025-10-31     US DOLLAR     157,47  FundCurrencyAllocation  currency
94221           3         NAN 2025-10-31     US DOLLAR     157,47  FundCurrencyAllocation  currency
94222           4         NAN 2025-10-31     US DOLLAR     157,47  FundCurrencyAllocation  currency
2026-02-04 16:28:46,454 - debug_runner - INFO - [DATOS ENTRADA: allocations_interno] Shape: (24155, 7) (Filas: 24155, Cols: 7)
2026-02-04 16:28:46,509 - debug_runner - INFO - [DATOS ENTRADA: allocations_interno] Info: <class 'pandas.core.frame.DataFrame'> | memory usage: 7.6 MB
2026-02-04 16:28:46,512 - debug_runner - INFO - [DATOS ENTRADA: allocations_interno] Primeras 5 filas:
        ID                                                 Nombre          Isin      Cusip         RIC currency_code  percentage_num
514   1287                  ISHARES MSCI ASIA EX JAPAN ETF (AAXJ)  US4642881829  464288182      AAXJ.O           THB          2.5212
521   1294                iShares MSCI Emerging Markets ETF (EEM)  US4642872349  464287234         EEM           THB          2.3423
806   1629                      ISHARES CORE MSCI EMERGING (IEMG)  US46434G1031  46434G103      IEMG.K           THB          2.4899
1142  2001    BLACKROCK GLOBAL FUNDS - FIXED INCOME GBL OPP FD D2  LU0278469043  L1049P284  LP65086579           THB          0.0547
1234  2130  ISHARES INC MSCI EMERGING MKTS MINIMUM VOLATILITY ETF  US4642865335        NaN      EEMV.K           THB          6.9132
2026-02-04 16:28:46,519 - debug_runner - INFO - [DATOS ENTRADA: allocations_interno] Valores únicos en claves: {'ID': 20973}
2026-02-04 16:28:46,520 - debug_runner - INFO - Inicializando ConciliacionPipeline...
2026-02-04 16:28:46,520 - debug_runner - INFO - Ejecutando pipeline completo...
2026-02-04 16:28:46,521 - src.pipeline - INFO - ================================================================================
2026-02-04 16:28:46,521 - src.pipeline - INFO - INICIANDO PIPELINE COMPLETO DE CONCILIACIÓN
2026-02-04 16:28:46,522 - src.pipeline - INFO - ================================================================================
2026-02-04 16:28:46,522 - src.pipeline - INFO - PASO 1: Filtrando posiciones con F. Proceso >= 2025-01-01
2026-02-04 16:28:46,562 - src.pipeline - INFO - Posiciones filtradas: 22430 de 40539
2026-02-04 16:28:46,562 - src.pipeline - INFO - [PASO 1: Filtrar Posiciones] Shape: (22430, 27) (Filas: 22430, Cols: 27)
2026-02-04 16:28:46,798 - src.pipeline - INFO - [PASO 1: Filtrar Posiciones] Info: <class 'pandas.core.frame.DataFrame'> | memory usage: 30.3 MB
2026-02-04 16:28:46,807 - src.pipeline - INFO - [PASO 1: Filtrar Posiciones] Primeras 5 filas:
   ID       Fecha      Cliente                  Grupo Activo                       Entidad Id_sec   Id_fi              Instrumento Subclase de activo      Tipo Inst    Cantidad            Precio Moneda  Monto (CLP)        Id_ti_valor      Id_ti        Id_tax F. Proceso    Ejecutivo       Nemo             Ticker Isin Secuencia Emisor      Monto MO T/C MO a (CLP)
1   1  2025-11-30      Vicctus  Inversiones Bartolome     Sí                  Caja Empresa      0     BCI  FM BCI Competitivo - AP         Caja Local  Fondos Mutuos  12333,8737  17954,2934000000    CLP    221445987  BCICOMA CI Equity  Ticker_BB   CAJAEMPRESA 2025-04-10          NaN  BCICOMACI  BCICOMA CI Equity  NaN       0-B    BCI  221445987,17       1,000000
2   1  2025-11-30       Moneda      Rodrigo Vial Fell     Sí  Inv. y Ases. Vial Wood Ltda.      0  NEVASA  FM BCI Competitivo - AP         Caja Local  Fondos Mutuos   6872,6341  17954,2934000000    CLP    123393289  BCICOMA CI Equity  Ticker_BB  INVASVIWOLTD 2025-10-31          NaN  BCICOMACI  BCICOMA CI Equity  NaN         0    BCI  123393289,06       1,000000
3   1  2025-11-30  Mar Adentro            Mar Adentro     Sí                          MHEI      0     BCI  FM BCI Competitivo - AP         Caja Local  Fondos Mutuos  50070,1037  17954,2934000000    CLP    898973332  BCICOMA CI Equity  Ticker_BB          MHEI 2025-11-25          NaN  BCICOMACI  BCICOMA CI Equity  NaN         0    BCI  898973332,40       1,000000
4   1  2025-11-30  Mar Adentro            Mar Adentro     Sí                          PHEI      0     BCI  FM BCI Competitivo - AP         Caja Local  Fondos Mutuos  50062,5844  17954,2934000000    CLP    898838329  BCICOMA CI Equity  Ticker_BB          PHEI 2025-11-25          NaN  BCICOMACI  BCICOMA CI Equity  NaN         0    BCI  898838328,68       1,000000
5   1  2025-11-30   AMM Invest      NIU-Alan Schoihet     Sí                 Alan Schoihet   7231     BCI  FM BCI Competitivo - AP         Caja Local  Fondos Mutuos   4016,6696  17954,2934000000    CLP     72116464  BCICOMA CI Equity  Ticker_BB     15020867K 2025-10-31  David Cohen  BCICOMACI  BCICOMA CI Equity  NaN      7231    BCI   72116464,49       1,000000
2026-02-04 16:28:46,813 - src.pipeline - INFO - [PASO 1: Filtrar Posiciones] Valores únicos en claves: {'ID': 5617, 'Instrumento': 5582}
2026-02-04 16:28:46,814 - src.pipeline - INFO - PASO 2: Cruzando posiciones con instrumentos internos
2026-02-04 16:28:46,883 - src.pipeline - INFO -   Eliminadas columnas conflictivas de posiciones: ['ID', 'Isin']
2026-02-04 16:28:47,013 - src.pipeline - INFO -   Cruces por Nombre: 22462
2026-02-04 16:28:47,028 - src.pipeline - INFO -   Posiciones sin match por nombre: 679
2026-02-04 16:28:47,029 - src.pipeline - INFO -   Tipos de identificadores en Id_ti: ['Isin', 'Currency', 'Ticker_BB', 'Nemo', 'Cusip', 'RIC']
2026-02-04 16:28:47,064 - src.pipeline - INFO -   Cruces por Isin: 212
2026-02-04 16:28:47,098 - src.pipeline - INFO -   Cruces por Currency: 2
2026-02-04 16:28:47,136 - src.pipeline - INFO -   Cruces por Ticker_BB: 28
2026-02-04 16:28:47,163 - src.pipeline - INFO -   Cruces por Nemo: 75
2026-02-04 16:28:47,191 - src.pipeline - INFO -   Cruces por Cusip: 81
2026-02-04 16:28:47,221 - src.pipeline - INFO -   Cruces por RIC: 10
2026-02-04 16:28:47,296 - src.pipeline - INFO - Total registros cruzados: 10559
2026-02-04 16:28:47,296 - src.pipeline - INFO - Cobertura del cruce: 47.1% (10559/22430)
2026-02-04 16:28:47,297 - src.pipeline - INFO - [PASO 2: Cruce Instrumentos] Shape: (10559, 121) (Filas: 10559, Cols: 121)
2026-02-04 16:28:47,702 - src.pipeline - INFO - [PASO 2: Cruce Instrumentos] Info: <class 'pandas.core.frame.DataFrame'> | memory usage: 52.3 MB
2026-02-04 16:28:47,730 - src.pipeline - INFO - [PASO 2: Cruce Instrumentos] Primeras 5 filas:
        Fecha      Cliente                  Grupo Activo                       Entidad Id_sec   Id_fi                   Instrumento Subclase de activo      Tipo Inst    Cantidad            Precio Moneda_x  Monto (CLP)        Id_ti_valor      Id_ti        Id_tax F. Proceso    Ejecutivo      Nemo_x             Ticker Secuencia Emisor_x      Monto MO T/C MO a (CLP)              Instrumento_norm  ID                        Nombre                  Nombre corto Emisor_y Tasa emision Tera  Valor rescate Fecha vcto   Serie Pais Tipo instrumento Moneda_y  E  Metodo valoriz  Base  Periodicidad Fecha emision         BBGID                                BCI_id BC_id BICE_id BTG_id CC_id CITI_id Currency Cusip  FWD GS_id Isin LV_id MBI_id MS_id Moneda_id      Nemo_y Nemo_DCV PRINCIPAL_id         RIC SEC_id SURA_id Sedol          Ticker_BB UBS_id base-subclase-activo SubMoneda base-region alloc-subclase-activo alloc-subclase-activo-2 alloc-subclase-patrimonio alternativos alternativos-ldg asset-grade base-subclase-patrimonial    caja-patromonial clase-activo clase-activo-2 clase-patrimonial clasificacion-activos-moneda continentes   economia mercado mercado-patrimonio monedas-pc      region    region-2 region-categoria region-nuevo region-pc  region-rvi rent-subclase-activo rent-subclase-activo-2 riesgo              riesgo-rf-pc RRFI sector-categoria sectores sectores-2  sri subclase-patrimonial tipo-activo-pasivo tipo-bono tipo-patrimonio tipo-patrimonio-2 Fuente Precio Url Precio Fuente Alloc Url Alloc                   Nombre_norm matched_by Id_ti_valor_norm Isin_norm Currency_norm Ticker_BB_norm Nemo_norm Cusip_norm RIC_norm
0  2025-11-30      Vicctus  Inversiones Bartolome     Sí                  Caja Empresa      0     BCI       FM BCI Competitivo - AP         Caja Local  Fondos Mutuos  12333,8737  17954,2934000000      CLP    221445987  BCICOMA CI Equity  Ticker_BB   CAJAEMPRESA 2025-04-10          NaN   BCICOMACI  BCICOMA CI Equity       0-B      BCI  221445987,17       1,000000       FM BCI COMPETITIVO - AP   1       FM BCI Competitivo - AP       FM BCI Competitivo - AP      BCI          NaN  NaN            NaN        NaN      AP   CL              C03      CLP  4               1   NaN           NaN           NaN  BBG002D4DTF8  FONDO MUTUO BCI COMPETITIVO SERIE AP   NaN     NaN    NaN   NaN     NaN      NaN   NaN  NaN   NaN  NaN   NaN    NaN   NaN       NaN   BCICOMACI      NaN          NaN         NaN    NaN     NaN   NaN  BCICOMA CI Equity    NaN          money-local       CLP       Chile            caja-local                     rfl                   liquido          NaN              NaN         NaN                caja-local  cuentas-corrientes         caja             rf              caja                          NaN         NaN  Emergente   local      liquido-local        clp  Latam Eme.  emergentes              NaN        Chile     Chile         NaN           caja-local                    RFL    NaN                       NaN  NaN              NaN      NaN        NaN  NaN           caja-local            activos       NaN         liquido       financieros        CMF-FM     8107.0          NaN       NaN       FM BCI COMPETITIVO - AP     Nombre              NaN       NaN           NaN            NaN       NaN        NaN      NaN
1  2025-11-30       Moneda      Rodrigo Vial Fell     Sí  Inv. y Ases. Vial Wood Ltda.      0  NEVASA       FM BCI Competitivo - AP         Caja Local  Fondos Mutuos   6872,6341  17954,2934000000      CLP    123393289  BCICOMA CI Equity  Ticker_BB  INVASVIWOLTD 2025-10-31          NaN   BCICOMACI  BCICOMA CI Equity         0      BCI  123393289,06       1,000000       FM BCI COMPETITIVO - AP   1       FM BCI Competitivo - AP       FM BCI Competitivo - AP      BCI          NaN  NaN            NaN        NaN      AP   CL              C03      CLP  4               1   NaN           NaN           NaN  BBG002D4DTF8  FONDO MUTUO BCI COMPETITIVO SERIE AP   NaN     NaN    NaN   NaN     NaN      NaN   NaN  NaN   NaN  NaN   NaN    NaN   NaN       NaN   BCICOMACI      NaN          NaN         NaN    NaN     NaN   NaN  BCICOMA CI Equity    NaN          money-local       CLP       Chile            caja-local                     rfl                   liquido          NaN              NaN         NaN                caja-local  cuentas-corrientes         caja             rf              caja                          NaN         NaN  Emergente   local      liquido-local        clp  Latam Eme.  emergentes              NaN        Chile     Chile         NaN           caja-local                    RFL    NaN                       NaN  NaN              NaN      NaN        NaN  NaN           caja-local            activos       NaN         liquido       financieros        CMF-FM     8107.0          NaN       NaN       FM BCI COMPETITIVO - AP     Nombre              NaN       NaN           NaN            NaN       NaN        NaN      NaN
2  2025-11-30  Mar Adentro            Mar Adentro     Sí                          MHEI      0     BCI       FM BCI Competitivo - AP         Caja Local  Fondos Mutuos  50070,1037  17954,2934000000      CLP    898973332  BCICOMA CI Equity  Ticker_BB          MHEI 2025-11-25          NaN   BCICOMACI  BCICOMA CI Equity         0      BCI  898973332,40       1,000000       FM BCI COMPETITIVO - AP   1       FM BCI Competitivo - AP       FM BCI Competitivo - AP      BCI          NaN  NaN            NaN        NaN      AP   CL              C03      CLP  4               1   NaN           NaN           NaN  BBG002D4DTF8  FONDO MUTUO BCI COMPETITIVO SERIE AP   NaN     NaN    NaN   NaN     NaN      NaN   NaN  NaN   NaN  NaN   NaN    NaN   NaN       NaN   BCICOMACI      NaN          NaN         NaN    NaN     NaN   NaN  BCICOMA CI Equity    NaN          money-local       CLP       Chile            caja-local                     rfl                   liquido          NaN              NaN         NaN                caja-local  cuentas-corrientes         caja             rf              caja                          NaN         NaN  Emergente   local      liquido-local        clp  Latam Eme.  emergentes              NaN        Chile     Chile         NaN           caja-local                    RFL    NaN                       NaN  NaN              NaN      NaN        NaN  NaN           caja-local            activos       NaN         liquido       financieros        CMF-FM     8107.0          NaN       NaN       FM BCI COMPETITIVO - AP     Nombre              NaN       NaN           NaN            NaN       NaN        NaN      NaN
4  2025-11-30   AMM Invest      NIU-Alan Schoihet     Sí                 Alan Schoihet   7231     BCI       FM BCI Competitivo - AP         Caja Local  Fondos Mutuos   4016,6696  17954,2934000000      CLP     72116464  BCICOMA CI Equity  Ticker_BB     15020867K 2025-10-31  David Cohen   BCICOMACI  BCICOMA CI Equity      7231      BCI   72116464,49       1,000000       FM BCI COMPETITIVO - AP   1       FM BCI Competitivo - AP       FM BCI Competitivo - AP      BCI          NaN  NaN            NaN        NaN      AP   CL              C03      CLP  4               1   NaN           NaN           NaN  BBG002D4DTF8  FONDO MUTUO BCI COMPETITIVO SERIE AP   NaN     NaN    NaN   NaN     NaN      NaN   NaN  NaN   NaN  NaN   NaN    NaN   NaN       NaN   BCICOMACI      NaN          NaN         NaN    NaN     NaN   NaN  BCICOMA CI Equity    NaN          money-local       CLP       Chile            caja-local                     rfl                   liquido          NaN              NaN         NaN                caja-local  cuentas-corrientes         caja             rf              caja                          NaN         NaN  Emergente   local      liquido-local        clp  Latam Eme.  emergentes              NaN        Chile     Chile         NaN           caja-local                    RFL    NaN                       NaN  NaN              NaN      NaN        NaN  NaN           caja-local            activos       NaN         liquido       financieros        CMF-FM     8107.0          NaN       NaN       FM BCI COMPETITIVO - AP     Nombre              NaN       NaN           NaN            NaN       NaN        NaN      NaN
5  2025-11-30      Vicctus  Inversiones Bartolome     Sí                  Caja Empresa      0     BCI  FM BCI Competitivo - Clásica         Caja Local  Fondos Mutuos    399,5651  37014,0213000000      CLP     14789511         CFMBCICPCL       Nemo   CAJAEMPRESA 2025-04-10          NaN  CFMBCICPCL                NaN       0-B      BCI   14789511,12       1,000000  FM BCI COMPETITIVO - CLÁSICA   2  FM BCI Competitivo - Clásica  FM BCI Competitivo - Clásica      BCI          NaN  NaN            NaN        NaN  CLASIC   CL              C03      CLP  4               1   NaN           NaN           NaN  BBG000BVFR84                                   NaN   NaN     NaN    NaN   NaN     NaN      NaN   NaN  NaN   NaN  NaN   NaN    NaN   NaN       NaN  CFMBCICPCL      NaN          NaN  LP68544359    NaN     NaN   NaN                NaN    NaN          money-local       CLP       Chile            caja-local                     rfl                   liquido          NaN              NaN         NaN               money-local                ffmm         caja             rf              caja                          NaN         NaN  Emergente   local      liquido-local        clp  Latam Eme.  emergentes              NaN        Chile     Chile         NaN           caja-local                    RFL    NaN  Money Market y Similares  NaN              NaN      NaN        NaN  NaN           caja-local            activos       NaN         liquido       financieros         Eikon     8107.0          NaN       NaN  FM BCI COMPETITIVO - CLÁSICA     Nombre              NaN       NaN           NaN            NaN       NaN        NaN      NaN
2026-02-04 16:28:47,734 - src.pipeline - INFO - [PASO 2: Cruce Instrumentos] Valores únicos en claves: {'ID': 5475, 'Instrumento': 5403}
2026-02-04 16:28:47,759 - src.pipeline - INFO - PASO 3: Filtrando por tipo de instrumento
2026-02-04 16:28:47,773 - src.pipeline - INFO -   Instrumentos únicos extraídos: 2878 de 10559 posiciones
2026-02-04 16:28:47,776 - src.pipeline - INFO -   Filtrado por tipo: 2679 de 2878
2026-02-04 16:28:47,780 - src.pipeline - INFO -   Filtrado por ISIN/RIC: 2453 instrumentos únicos
2026-02-04 16:28:47,785 - src.pipeline - INFO - [PASO 3: Filtrar Tipo Instrumento] Shape: (2453, 9) (Filas: 2453, Cols: 9)
2026-02-04 16:28:47,797 - src.pipeline - INFO - [PASO 3: Filtrar Tipo Instrumento] Info: <class 'pandas.core.frame.DataFrame'> | memory usage: 1.1 MB
2026-02-04 16:28:47,800 - src.pipeline - INFO - [PASO 3: Filtrar Tipo Instrumento] Primeras 5 filas:
     ID                                 Nombre      Cusip          Isin         RIC Tipo   SubMoneda          Tipo_Nombre  Tipo_Grupo
9     3   Fondo Mutuo BCI Dolar Cash - Clasica        NaN  CL0001840314         NaN  C03         USD        Fondos Mutuos  Fondos/ETF
162  10        FI Moneda Deuda Latinoamericana        NaN  CLMDLA310014         NaN  C10         USD  Fondos de Inversión  Fondos/ETF
406  11  FI Moneda Latinoamericano Deuda Local        NaN  CL0000006727         NaN  C10  balanceado  Fondos de Inversión  Fondos/ETF
427  12                FI Moneda Renta CLP - A        NaN  CL0000001884         NaN  C10  balanceado  Fondos de Inversión  Fondos/ETF
496  31           MFS European Value Fund - A1  L6365J341  LU0219440764  LP65009145  C03         USD        Fondos Mutuos  Fondos/ETF
2026-02-04 16:28:47,801 - src.pipeline - INFO - [PASO 3: Filtrar Tipo Instrumento] Valores únicos en claves: {'ID': 2453}
2026-02-04 16:28:47,801 - src.pipeline - INFO - PASO 4: Obteniendo allocations externos
2026-02-04 16:28:47,837 - src.pipeline - INFO -   Identificadores únicos a buscar: 5837
2026-02-04 16:28:47,851 - src.pipeline - INFO -   Allocations externos encontrados: 4714 registros
2026-02-04 16:28:47,867 - src.pipeline - INFO -   Matches por RIC: 4712
2026-02-04 16:28:47,876 - src.pipeline - INFO -   Matches por Isin: 2
2026-02-04 16:28:47,882 - src.pipeline - INFO -   Matches por Cusip: 4
2026-02-04 16:28:47,885 - src.pipeline - INFO -   Total allocations cruzados: 4718
2026-02-04 16:28:47,900 - src.pipeline - INFO -   Allocations filtrados por fecha más reciente: 4718
2026-02-04 16:28:47,917 - src.pipeline - INFO -   Total allocations externos procesados: 4704 registros
2026-02-04 16:28:47,917 - src.pipeline - INFO - [PASO 4: Allocations Externos] Shape: (4704, 22) (Filas: 4704, Cols: 22)
2026-02-04 16:28:47,951 - src.pipeline - INFO - [PASO 4: Allocations Externos] Info: <class 'pandas.core.frame.DataFrame'> | memory usage: 4.7 MB
2026-02-04 16:28:47,959 - src.pipeline - INFO - [PASO 4: Allocations Externos] Primeras 5 filas:
      Unnamed: 0  instrument       date              class percentage          Columna Fuente   classif instrument_norm     ID      Cusip          Isin         RIC    RIC_norm                                        Nombre matched_by Isin_norm Cusip_norm currency_code  percentage_num matched_cusip  matched_isin matched_ric
0             58  LP65009145 2025-10-31               EURO      51,97  FundCurrencyAllocation  currency      LP65009145     31  L6365J341  LU0219440764  LP65009145  LP65009145                  MFS European Value Fund - A1        RIC       NaN        NaN           EUR           51.97     L6365J341  LU0219440764  LP65009145
3679       28413         VEU 2025-10-31        SWISS FRANC       5,29  FundCurrencyAllocation  currency             VEU  20318  922042775  US9220427754         VEU         VEU  Vanguard FTSE All-World ex US Index Fund ETF        RIC       NaN        NaN           CHF            5.29     922042775  US9220427754         VEU
3677       28411         VEU 2025-10-31    CANADIAN DOLLAR       6,36  FundCurrencyAllocation  currency             VEU  20318  922042775  US9220427754         VEU         VEU  Vanguard FTSE All-World ex US Index Fund ETF        RIC       NaN        NaN           CAD            6.36     922042775  US9220427754         VEU
3676       28410         VEU 2025-10-31   HONG KONG DOLLAR       8,36  FundCurrencyAllocation  currency             VEU  20318  922042775  US9220427754         VEU         VEU  Vanguard FTSE All-World ex US Index Fund ETF        RIC       NaN        NaN           HKD            8.36     922042775  US9220427754         VEU
3675       28409         VEU 2025-10-31  UK POUND STERLING       8,64  FundCurrencyAllocation  currency             VEU  20318  922042775  US9220427754         VEU         VEU  Vanguard FTSE All-World ex US Index Fund ETF        RIC       NaN        NaN           GBP            8.64     922042775  US9220427754         VEU
2026-02-04 16:28:47,960 - src.pipeline - INFO - [PASO 4: Allocations Externos] Valores únicos en claves: {'ID': 916}
2026-02-04 16:28:47,963 - src.pipeline - INFO - PASO 5: Identificando moneda principal interna vs externa
2026-02-04 16:28:47,968 - src.pipeline - INFO -   Instrumentos a procesar: 2453
2026-02-04 16:28:47,969 - src.pipeline - INFO -   Allocations externos disponibles: 4704
2026-02-04 16:28:47,990 - src.pipeline - INFO -   Allocations filtrados por fecha más reciente: 4704 registros
2026-02-04 16:28:48,000 - src.pipeline - INFO -   Allocations agrupados: 4687 registros
2026-02-04 16:28:48,000 - src.pipeline - INFO - ========== INICIO LOG DEBUG LP65145598 =========
2026-02-04 16:28:48,002 - src.pipeline - INFO -       instrument  ... percentage_num
2130  LP65145598  ...           7.68
2131  LP65145598  ...           2.09
2132  LP65145598  ...          53.38
2133  LP65145598  ...          30.68
2134  LP65145598  ...           0.66
2135  LP65145598  ...           1.25
2136  LP65145598  ...           4.14

[7 rows x 3 columns]
2026-02-04 16:28:48,024 - src.pipeline - INFO - ========== FIN LOG DEBUG LP65145598 =========
2026-02-04 16:28:48,850 - src.pipeline - INFO -   Instrumentos con data externa (moneda calculada): 917
2026-02-04 16:28:48,850 - src.pipeline - INFO - [PASO 5: Identificar Moneda] Shape: (2453, 17) (Filas: 2453, Cols: 17)
2026-02-04 16:28:48,870 - src.pipeline - INFO - [PASO 5: Identificar Moneda] Info: <class 'pandas.core.frame.DataFrame'> | memory usage: 1.9 MB
2026-02-04 16:28:48,875 - src.pipeline - INFO - [PASO 5: Identificar Moneda] Primeras 5 filas:
   ID                                 Nombre      Cusip          Isin         RIC Tipo   SubMoneda          Tipo_Nombre  Tipo_Grupo Cusip_norm     Isin_norm    RIC_norm Moneda_Interna  Es_Balanceado_Interno Moneda: Moneda_Calculada  Es_Balanceado_Externo
0   3   Fondo Mutuo BCI Dolar Cash - Clasica        NaN  CL0001840314         NaN  C03         USD        Fondos Mutuos  Fondos/ETF        NAN  CL0001840314         NAN            USD                  False    None        Sin Datos                  False
1  10        FI Moneda Deuda Latinoamericana        NaN  CLMDLA310014         NaN  C10         USD  Fondos de Inversión  Fondos/ETF        NAN  CLMDLA310014         NAN            USD                  False    None        Sin Datos                  False
2  11  FI Moneda Latinoamericano Deuda Local        NaN  CL0000006727         NaN  C10  balanceado  Fondos de Inversión  Fondos/ETF        NAN  CL0000006727         NAN     balanceado                   True    None        Sin Datos                  False
3  12                FI Moneda Renta CLP - A        NaN  CL0000001884         NaN  C10  balanceado  Fondos de Inversión  Fondos/ETF        NAN  CL0000001884         NAN     balanceado                   True    None        Sin Datos                  False
4  31           MFS European Value Fund - A1  L6365J341  LU0219440764  LP65009145  C03         USD        Fondos Mutuos  Fondos/ETF  L6365J341  LU0219440764  LP65009145            USD                  False    None       balanceado                   True
2026-02-04 16:28:48,877 - src.pipeline - INFO - [PASO 5: Identificar Moneda] Valores únicos en claves: {'ID': 2453, 'Moneda_Calculada': 17}
2026-02-04 16:28:48,880 - src.pipeline - INFO - PASO 7: Generando features para detección de anomalías...
2026-02-04 16:28:48,880 - src.ml_models.feature_engineering - INFO - Iniciando feature engineering...
2026-02-04 16:28:48,882 - src.ml_models.feature_engineering - INFO - Calculando features de distribución de monedas...
2026-02-04 16:29:20,249 - src.ml_models.feature_engineering - INFO - Features de distribución calculados
2026-02-04 16:29:20,250 - src.ml_models.feature_engineering - INFO - Calculando diferencias por moneda individual...
2026-02-04 16:29:59,470 - src.ml_models.feature_engineering - INFO - Diferencias por moneda calculadas
2026-02-04 16:29:59,472 - src.ml_models.feature_engineering - INFO - Calculando features de identificadores...
2026-02-04 16:29:59,478 - src.ml_models.feature_engineering - INFO - Features de identificadores calculados
2026-02-04 16:29:59,478 - src.ml_models.feature_engineering - INFO - Calculando features de concordancia...
2026-02-04 16:29:59,494 - src.ml_models.feature_engineering - INFO - Features de concordancia calculados
2026-02-04 16:29:59,495 - src.ml_models.feature_engineering - INFO - Calculando features de grupos de tipo...
2026-02-04 16:29:59,498 - src.ml_models.feature_engineering - INFO - Features de grupos de tipo calculados: 3 categorías (Acciones, Bonos, Fondos/ETF)
2026-02-04 16:29:59,498 - src.ml_models.feature_engineering - INFO - Feature engineering completado. Total columnas: 47
2026-02-04 16:29:59,498 - src.pipeline - INFO - PASO 8: Detectando anomalías con Isolation Forest...
2026-02-04 16:29:59,499 - src.ml_models.anomaly_detector - INFO - Iniciando detección de anomalías con features de negocio...
2026-02-04 16:29:59,499 - src.ml_models.anomaly_detector - INFO - Features usados: 14 (11 métricas + 3 grupos de tipo)
2026-02-04 16:29:59,500 - src.ml_models.anomaly_detector - INFO - Features seleccionados: 14 columnas
2026-02-04 16:29:59,503 - src.ml_models.anomaly_detector - INFO - Entrenando Isolation Forest con 2453 instrumentos...
2026-02-04 16:29:59,876 - src.ml_models.anomaly_detector - INFO - Modelo entrenado exitosamente
2026-02-04 16:30:00,062 - src.ml_models.anomaly_detector - INFO - Detección completada: 123 anomalías detectadas (5.0% del total)
2026-02-04 16:30:00,063 - src.pipeline - INFO - [PASO 8: Anomalías Detectadas] Shape: (2453, 50) (Filas: 2453, Cols: 50)
2026-02-04 16:30:00,089 - src.pipeline - INFO - [PASO 8: Anomalías Detectadas] Info: <class 'pandas.core.frame.DataFrame'> | memory usage: 2.5 MB
2026-02-04 16:30:00,110 - src.pipeline - INFO - [PASO 8: Anomalías Detectadas] Primeras 5 filas:
   ID                            Instrumento      Cusip          Isin         RIC Tipo   SubMoneda          Tipo_Nombre  Tipo_Grupo Cusip_norm     Isin_norm    RIC_norm Moneda_Interna  Es_Balanceado_Interno Moneda: Moneda_Calculada  Es_Balanceado_Externo  num_monedas_ext  entropia_ext  pct_dominante_ext  std_distribucion_ext  num_monedas_int  entropia_int  pct_dominante_int  max_diferencia_moneda  discrepancia_total  num_diferencias_gt_10pct  num_diferencias_gt_20pct  num_monedas_solo_interno  num_monedas_solo_externo  pct_monedas_solo_interno  pct_monedas_solo_externo  desviacion_suma_100_interno  desviacion_suma_100_externo  tiene_dist_vs_sin_dist  tiene_ric  tiene_isin  tiene_cusip  num_identificadores  tiene_alloc_ext  tiene_alloc_int  monedas_coinciden  ambos_balanceados  coherencia_balanceado  tipo_grupo_acciones  tipo_grupo_bonos  tipo_grupo_fondos_etf  anomaly_score  anomaly_score_value  es_anomalia
0   3   Fondo Mutuo BCI Dolar Cash - Clasica        NaN  CL0001840314         NaN  C03         USD        Fondos Mutuos  Fondos/ETF        NAN  CL0001840314         NAN            USD                  False    None        Sin Datos                  False                0      0.000000               0.00               0.00000                1     -0.000000              100.0                   0.00                0.00                         0                         0                         0                         0                       0.0                      0.00                          0.0                          0.0                       1          0           1            0                    1                0                1                  0                  0                      1                    0                 0                      1              1            -0.453448        False
1  10        FI Moneda Deuda Latinoamericana        NaN  CLMDLA310014         NaN  C10         USD  Fondos de Inversión  Fondos/ETF        NAN  CLMDLA310014         NAN            USD                  False    None        Sin Datos                  False                0      0.000000               0.00               0.00000                1     -0.000000              100.0                   0.00                0.00                         0                         0                         0                         0                       0.0                      0.00                          0.0                          0.0                       1          0           1            0                    1                0                1                  0                  0                      1                    0                 0                      1              1            -0.453448        False
2  11  FI Moneda Latinoamericano Deuda Local        NaN  CL0000006727         NaN  C10  balanceado  Fondos de Inversión  Fondos/ETF        NAN  CL0000006727         NAN     balanceado                   True    None        Sin Datos                  False                0      0.000000               0.00               0.00000                8      2.335670               33.3                   0.00                0.00                         0                         0                         0                         0                       0.0                      0.00                          0.0                          0.0                       1          0           1            0                    1                0                1                  0                  0                      1                    0                 0                      1              1            -0.453448        False
3  12                FI Moneda Renta CLP - A        NaN  CL0000001884         NaN  C10  balanceado  Fondos de Inversión  Fondos/ETF        NAN  CL0000001884         NAN     balanceado                   True    None        Sin Datos                  False                0      0.000000               0.00               0.00000                7      1.398202               62.4                   0.00                0.00                         0                         0                         0                         0                       0.0                      0.00                          0.0                          0.0                       1          0           1            0                    1                0                1                  0                  0                      1                    0                 0                      1              1            -0.453448        False
4  31           MFS European Value Fund - A1  L6365J341  LU0219440764  LP65009145  C03         USD        Fondos Mutuos  Fondos/ETF  L6365J341  LU0219440764  LP65009145            USD                  False    None       balanceado                   True                6      1.804386              51.97              17.97293                1     -0.000000              100.0                  96.52              192.94                         4                         3                         0                         5                       0.0                     96.42                          0.0                          0.1                       0          1           1            1                    3                1                1                  0                  0                      1                    0                 0                      1             -1            -0.587627         True
2026-02-04 16:30:00,116 - src.pipeline - INFO - [PASO 8: Anomalías Detectadas] Valores únicos en claves: {'ID': 2453, 'Instrumento': 2445, 'Moneda_Calculada': 17}
2026-02-04 16:30:00,219 - src.ml_models.anomaly_detector - INFO - Modelo guardado en: data\models\isolation_forest_v1.pkl
2026-02-04 16:30:00,230 - src.pipeline - INFO - ================================================================================
2026-02-04 16:30:00,230 - src.pipeline - INFO - PIPELINE COMPLETADO
2026-02-04 16:30:00,230 - src.pipeline - INFO - Estadísticas: {'total_posiciones': 40539, 'posiciones_filtradas': 22430, 'posiciones_cruzadas': 10559, 'instrumentos_unicos_cruzados': 5444, 'instrumentos_filtrados': 2453, 'allocations_externos': 4704, 'instrumentos_clasificados': 2453, 'validaciones_finales': 2453}
2026-02-04 16:30:00,231 - src.pipeline - INFO - ================================================================================
2026-02-04 16:30:00,245 - debug_runner - INFO - ================================================================================
2026-02-04 16:30:00,246 - debug_runner - INFO - RESULTADO FINAL
2026-02-04 16:30:00,246 - debug_runner - INFO - [DF_FINAL (Salida Pipeline)] Shape: (2453, 50) (Filas: 2453, Cols: 50)
2026-02-04 16:30:00,266 - debug_runner - INFO - [DF_FINAL (Salida Pipeline)] Info: <class 'pandas.core.frame.DataFrame'> | memory usage: 2.5 MB
2026-02-04 16:30:00,292 - debug_runner - INFO - [DF_FINAL (Salida Pipeline)] Primeras 5 filas:
   ID                            Instrumento      Cusip          Isin         RIC Tipo   SubMoneda          Tipo_Nombre  Tipo_Grupo Cusip_norm     Isin_norm    RIC_norm Moneda_Interna  Es_Balanceado_Interno Moneda: Moneda_Calculada  Es_Balanceado_Externo  num_monedas_ext  entropia_ext  pct_dominante_ext  std_distribucion_ext  num_monedas_int  entropia_int  pct_dominante_int  max_diferencia_moneda  discrepancia_total  num_diferencias_gt_10pct  num_diferencias_gt_20pct  num_monedas_solo_interno  num_monedas_solo_externo  pct_monedas_solo_interno  pct_monedas_solo_externo  desviacion_suma_100_interno  desviacion_suma_100_externo  tiene_dist_vs_sin_dist  tiene_ric  tiene_isin  tiene_cusip  num_identificadores  tiene_alloc_ext  tiene_alloc_int  monedas_coinciden  ambos_balanceados  coherencia_balanceado  tipo_grupo_acciones  tipo_grupo_bonos  tipo_grupo_fondos_etf  anomaly_score  anomaly_score_value  es_anomalia
0   3   Fondo Mutuo BCI Dolar Cash - Clasica        NaN  CL0001840314         NaN  C03         USD        Fondos Mutuos  Fondos/ETF        NAN  CL0001840314         NAN            USD                  False    None        Sin Datos                  False                0      0.000000               0.00               0.00000                1     -0.000000              100.0                   0.00                0.00                         0                         0                         0                         0                       0.0                      0.00                          0.0                          0.0                       1          0           1            0                    1                0                1                  0                  0                      1                    0                 0                      1              1            -0.453448        False
1  10        FI Moneda Deuda Latinoamericana        NaN  CLMDLA310014         NaN  C10         USD  Fondos de Inversión  Fondos/ETF        NAN  CLMDLA310014         NAN            USD                  False    None        Sin Datos                  False                0      0.000000               0.00               0.00000                1     -0.000000              100.0                   0.00                0.00                         0                         0                         0                         0                       0.0                      0.00                          0.0                          0.0                       1          0           1            0                    1                0                1                  0                  0                      1                    0                 0                      1              1            -0.453448        False
2  11  FI Moneda Latinoamericano Deuda Local        NaN  CL0000006727         NaN  C10  balanceado  Fondos de Inversión  Fondos/ETF        NAN  CL0000006727         NAN     balanceado                   True    None        Sin Datos                  False                0      0.000000               0.00               0.00000                8      2.335670               33.3                   0.00                0.00                         0                         0                         0                         0                       0.0                      0.00                          0.0                          0.0                       1          0           1            0                    1                0                1                  0                  0                      1                    0                 0                      1              1            -0.453448        False
3  12                FI Moneda Renta CLP - A        NaN  CL0000001884         NaN  C10  balanceado  Fondos de Inversión  Fondos/ETF        NAN  CL0000001884         NAN     balanceado                   True    None        Sin Datos                  False                0      0.000000               0.00               0.00000                7      1.398202               62.4                   0.00                0.00                         0                         0                         0                         0                       0.0                      0.00                          0.0                          0.0                       1          0           1            0                    1                0                1                  0                  0                      1                    0                 0                      1              1            -0.453448        False
4  31           MFS European Value Fund - A1  L6365J341  LU0219440764  LP65009145  C03         USD        Fondos Mutuos  Fondos/ETF  L6365J341  LU0219440764  LP65009145            USD                  False    None       balanceado                   True                6      1.804386              51.97              17.97293                1     -0.000000              100.0                  96.52              192.94                         4                         3                         0                         5                       0.0                     96.42                          0.0                          0.1                       0          1           1            1                    3                1                1                  0                  0                      1                    0                 0                      1             -1            -0.587627         True
2026-02-04 16:30:00,308 - debug_runner - INFO - [DF_FINAL (Salida Pipeline)] Valores únicos en claves: {'ID': 2453, 'Instrumento': 2445, 'Moneda_Calculada': 17}
2026-02-04 16:30:00,309 - debug_runner - INFO - 
Estadísticas Finales: {'total_posiciones': 40539, 'posiciones_filtradas': 22430, 'posiciones_cruzadas': 10559, 'instrumentos_unicos_cruzados': 5444, 'instrumentos_filtrados': 2453, 'allocations_externos': 4704, 'instrumentos_clasificados': 2453, 'validaciones_finales': 2453}
2026-02-04 16:30:00,310 - debug_runner - INFO - 
LOG COMPLETO GUARDADO EN: pipeline_debug.log
2026-02-04 16:30:00,310 - debug_runner - INFO - ================================================================================
